// Jest Snapshot v1, https://goo.gl/fbAQLP

exports[`TopTen should match the snapshot 1`] = `
ShallowWrapper {
  "length": 1,
  Symbol(enzyme.__root__): [Circular],
  Symbol(enzyme.__unrendered__): <Unknown
    dashboard={
        Array [
            Object {
              "availableSupply": "16957550.0",
              "currency": "BTC",
              "marketCap": 126110300068.1315,
              "price": "7436.82313",
            },
            Object {
              "availableSupply": "98680455.0",
              "currency": "ETH",
              "marketCap": 38207824855.0488,
              "price": "387.43253",
            },
            Object {
              "availableSupply": "39094520623.0",
              "currency": "XRP",
              "marketCap": 19161006447.74476,
              "price": "0.49032",
            },
          ]
    }
/>,
  Symbol(enzyme.__renderer__): Object {
    "batchedUpdates": [Function],
    "getNode": [Function],
    "render": [Function],
    "simulateEvent": [Function],
    "unmount": [Function],
  },
  Symbol(enzyme.__node__): Object {
    "instance": null,
    "key": undefined,
    "nodeType": "host",
    "props": Object {
      "children": <table>
        <tbody>
                <tr>
                        <td>
                                 Currency 
                        </td>
                        <td>
                                 Market Cap 
                        </td>
                        <td>
                                 % 
                        </td>
                </tr>
                <tr>
                        <td>
                                 
                                BTC
                                 
                        </td>
                        <td>
                                 
                                126110300068.1315
                                 
                        </td>
                        <td>
                                 
                                 
                        </td>
                </tr>
                <tr>
                        <td>
                                 
                                ETH
                                 
                        </td>
                        <td>
                                 
                                38207824855.0488
                                 
                        </td>
                        <td>
                                 
                                 
                        </td>
                </tr>
                <tr>
                        <td>
                                 
                                XRP
                                 
                        </td>
                        <td>
                                 
                                19161006447.74476
                                 
                        </td>
                        <td>
                                 
                                 
                        </td>
                </tr>
        </tbody>
</table>,
      "className": "TopTen",
    },
    "ref": null,
    "rendered": Object {
      "instance": null,
      "key": undefined,
      "nodeType": "host",
      "props": Object {
        "children": <tbody>
          <tr>
                    <td>
                               Currency 
                    </td>
                    <td>
                               Market Cap 
                    </td>
                    <td>
                               % 
                    </td>
          </tr>
          <tr>
                    <td>
                               
                              BTC
                               
                    </td>
                    <td>
                               
                              126110300068.1315
                               
                    </td>
                    <td>
                               
                               
                    </td>
          </tr>
          <tr>
                    <td>
                               
                              ETH
                               
                    </td>
                    <td>
                               
                              38207824855.0488
                               
                    </td>
                    <td>
                               
                               
                    </td>
          </tr>
          <tr>
                    <td>
                               
                              XRP
                               
                    </td>
                    <td>
                               
                              19161006447.74476
                               
                    </td>
                    <td>
                               
                               
                    </td>
          </tr>
</tbody>,
      },
      "ref": null,
      "rendered": Object {
        "instance": null,
        "key": undefined,
        "nodeType": "host",
        "props": Object {
          "children": Array [
            <tr>
              <td>
                             Currency 
              </td>
              <td>
                             Market Cap 
              </td>
              <td>
                             % 
              </td>
</tr>,
            Array [
              <tr>
                <td>
                                 
                                BTC
                                 
                </td>
                <td>
                                 
                                126110300068.1315
                                 
                </td>
                <td>
                                 
                                 
                </td>
</tr>,
              <tr>
                <td>
                                 
                                ETH
                                 
                </td>
                <td>
                                 
                                38207824855.0488
                                 
                </td>
                <td>
                                 
                                 
                </td>
</tr>,
              <tr>
                <td>
                                 
                                XRP
                                 
                </td>
                <td>
                                 
                                19161006447.74476
                                 
                </td>
                <td>
                                 
                                 
                </td>
</tr>,
            ],
          ],
        },
        "ref": null,
        "rendered": Array [
          Object {
            "instance": null,
            "key": undefined,
            "nodeType": "host",
            "props": Object {
              "children": Array [
                <td>
                   Currency 
</td>,
                <td>
                   Market Cap 
</td>,
                <td>
                   % 
</td>,
              ],
            },
            "ref": null,
            "rendered": Array [
              Object {
                "instance": null,
                "key": undefined,
                "nodeType": "host",
                "props": Object {
                  "children": " Currency ",
                },
                "ref": null,
                "rendered": " Currency ",
                "type": "td",
              },
              Object {
                "instance": null,
                "key": undefined,
                "nodeType": "host",
                "props": Object {
                  "children": " Market Cap ",
                },
                "ref": null,
                "rendered": " Market Cap ",
                "type": "td",
              },
              Object {
                "instance": null,
                "key": undefined,
                "nodeType": "host",
                "props": Object {
                  "children": " % ",
                },
                "ref": null,
                "rendered": " % ",
                "type": "td",
              },
            ],
            "type": "tr",
          },
          Object {
            "instance": null,
            "key": "BTC",
            "nodeType": "host",
            "props": Object {
              "children": Array [
                <td>
                   
                  BTC
                   
</td>,
                <td>
                   
                  126110300068.1315
                   
</td>,
                <td>
                   
                   
</td>,
              ],
            },
            "ref": null,
            "rendered": Array [
              Object {
                "instance": null,
                "key": undefined,
                "nodeType": "host",
                "props": Object {
                  "children": Array [
                    " ",
                    "BTC",
                    " ",
                  ],
                },
                "ref": null,
                "rendered": Array [
                  " ",
                  "BTC",
                  " ",
                ],
                "type": "td",
              },
              Object {
                "instance": null,
                "key": undefined,
                "nodeType": "host",
                "props": Object {
                  "children": Array [
                    " ",
                    126110300068.1315,
                    " ",
                  ],
                },
                "ref": null,
                "rendered": Array [
                  " ",
                  126110300068.1315,
                  " ",
                ],
                "type": "td",
              },
              Object {
                "instance": null,
                "key": undefined,
                "nodeType": "host",
                "props": Object {
                  "children": Array [
                    " ",
                    undefined,
                    " ",
                  ],
                },
                "ref": null,
                "rendered": Array [
                  " ",
                  undefined,
                  " ",
                ],
                "type": "td",
              },
            ],
            "type": "tr",
          },
          Object {
            "instance": null,
            "key": "ETH",
            "nodeType": "host",
            "props": Object {
              "children": Array [
                <td>
                   
                  ETH
                   
</td>,
                <td>
                   
                  38207824855.0488
                   
</td>,
                <td>
                   
                   
</td>,
              ],
            },
            "ref": null,
            "rendered": Array [
              Object {
                "instance": null,
                "key": undefined,
                "nodeType": "host",
                "props": Object {
                  "children": Array [
                    " ",
                    "ETH",
                    " ",
                  ],
                },
                "ref": null,
                "rendered": Array [
                  " ",
                  "ETH",
                  " ",
                ],
                "type": "td",
              },
              Object {
                "instance": null,
                "key": undefined,
                "nodeType": "host",
                "props": Object {
                  "children": Array [
                    " ",
                    38207824855.0488,
                    " ",
                  ],
                },
                "ref": null,
                "rendered": Array [
                  " ",
                  38207824855.0488,
                  " ",
                ],
                "type": "td",
              },
              Object {
                "instance": null,
                "key": undefined,
                "nodeType": "host",
                "props": Object {
                  "children": Array [
                    " ",
                    undefined,
                    " ",
                  ],
                },
                "ref": null,
                "rendered": Array [
                  " ",
                  undefined,
                  " ",
                ],
                "type": "td",
              },
            ],
            "type": "tr",
          },
          Object {
            "instance": null,
            "key": "XRP",
            "nodeType": "host",
            "props": Object {
              "children": Array [
                <td>
                   
                  XRP
                   
</td>,
                <td>
                   
                  19161006447.74476
                   
</td>,
                <td>
                   
                   
</td>,
              ],
            },
            "ref": null,
            "rendered": Array [
              Object {
                "instance": null,
                "key": undefined,
                "nodeType": "host",
                "props": Object {
                  "children": Array [
                    " ",
                    "XRP",
                    " ",
                  ],
                },
                "ref": null,
                "rendered": Array [
                  " ",
                  "XRP",
                  " ",
                ],
                "type": "td",
              },
              Object {
                "instance": null,
                "key": undefined,
                "nodeType": "host",
                "props": Object {
                  "children": Array [
                    " ",
                    19161006447.74476,
                    " ",
                  ],
                },
                "ref": null,
                "rendered": Array [
                  " ",
                  19161006447.74476,
                  " ",
                ],
                "type": "td",
              },
              Object {
                "instance": null,
                "key": undefined,
                "nodeType": "host",
                "props": Object {
                  "children": Array [
                    " ",
                    undefined,
                    " ",
                  ],
                },
                "ref": null,
                "rendered": Array [
                  " ",
                  undefined,
                  " ",
                ],
                "type": "td",
              },
            ],
            "type": "tr",
          },
        ],
        "type": "tbody",
      },
      "type": "table",
    },
    "type": "div",
  },
  Symbol(enzyme.__nodes__): Array [
    Object {
      "instance": null,
      "key": undefined,
      "nodeType": "host",
      "props": Object {
        "children": <table>
          <tbody>
                    <tr>
                              <td>
                                         Currency 
                              </td>
                              <td>
                                         Market Cap 
                              </td>
                              <td>
                                         % 
                              </td>
                    </tr>
                    <tr>
                              <td>
                                         
                                        BTC
                                         
                              </td>
                              <td>
                                         
                                        126110300068.1315
                                         
                              </td>
                              <td>
                                         
                                         
                              </td>
                    </tr>
                    <tr>
                              <td>
                                         
                                        ETH
                                         
                              </td>
                              <td>
                                         
                                        38207824855.0488
                                         
                              </td>
                              <td>
                                         
                                         
                              </td>
                    </tr>
                    <tr>
                              <td>
                                         
                                        XRP
                                         
                              </td>
                              <td>
                                         
                                        19161006447.74476
                                         
                              </td>
                              <td>
                                         
                                         
                              </td>
                    </tr>
          </tbody>
</table>,
        "className": "TopTen",
      },
      "ref": null,
      "rendered": Object {
        "instance": null,
        "key": undefined,
        "nodeType": "host",
        "props": Object {
          "children": <tbody>
            <tr>
                        <td>
                                     Currency 
                        </td>
                        <td>
                                     Market Cap 
                        </td>
                        <td>
                                     % 
                        </td>
            </tr>
            <tr>
                        <td>
                                     
                                    BTC
                                     
                        </td>
                        <td>
                                     
                                    126110300068.1315
                                     
                        </td>
                        <td>
                                     
                                     
                        </td>
            </tr>
            <tr>
                        <td>
                                     
                                    ETH
                                     
                        </td>
                        <td>
                                     
                                    38207824855.0488
                                     
                        </td>
                        <td>
                                     
                                     
                        </td>
            </tr>
            <tr>
                        <td>
                                     
                                    XRP
                                     
                        </td>
                        <td>
                                     
                                    19161006447.74476
                                     
                        </td>
                        <td>
                                     
                                     
                        </td>
            </tr>
</tbody>,
        },
        "ref": null,
        "rendered": Object {
          "instance": null,
          "key": undefined,
          "nodeType": "host",
          "props": Object {
            "children": Array [
              <tr>
                <td>
                                 Currency 
                </td>
                <td>
                                 Market Cap 
                </td>
                <td>
                                 % 
                </td>
</tr>,
              Array [
                <tr>
                  <td>
                                     
                                    BTC
                                     
                  </td>
                  <td>
                                     
                                    126110300068.1315
                                     
                  </td>
                  <td>
                                     
                                     
                  </td>
</tr>,
                <tr>
                  <td>
                                     
                                    ETH
                                     
                  </td>
                  <td>
                                     
                                    38207824855.0488
                                     
                  </td>
                  <td>
                                     
                                     
                  </td>
</tr>,
                <tr>
                  <td>
                                     
                                    XRP
                                     
                  </td>
                  <td>
                                     
                                    19161006447.74476
                                     
                  </td>
                  <td>
                                     
                                     
                  </td>
</tr>,
              ],
            ],
          },
          "ref": null,
          "rendered": Array [
            Object {
              "instance": null,
              "key": undefined,
              "nodeType": "host",
              "props": Object {
                "children": Array [
                  <td>
                     Currency 
</td>,
                  <td>
                     Market Cap 
</td>,
                  <td>
                     % 
</td>,
                ],
              },
              "ref": null,
              "rendered": Array [
                Object {
                  "instance": null,
                  "key": undefined,
                  "nodeType": "host",
                  "props": Object {
                    "children": " Currency ",
                  },
                  "ref": null,
                  "rendered": " Currency ",
                  "type": "td",
                },
                Object {
                  "instance": null,
                  "key": undefined,
                  "nodeType": "host",
                  "props": Object {
                    "children": " Market Cap ",
                  },
                  "ref": null,
                  "rendered": " Market Cap ",
                  "type": "td",
                },
                Object {
                  "instance": null,
                  "key": undefined,
                  "nodeType": "host",
                  "props": Object {
                    "children": " % ",
                  },
                  "ref": null,
                  "rendered": " % ",
                  "type": "td",
                },
              ],
              "type": "tr",
            },
            Object {
              "instance": null,
              "key": "BTC",
              "nodeType": "host",
              "props": Object {
                "children": Array [
                  <td>
                     
                    BTC
                     
</td>,
                  <td>
                     
                    126110300068.1315
                     
</td>,
                  <td>
                     
                     
</td>,
                ],
              },
              "ref": null,
              "rendered": Array [
                Object {
                  "instance": null,
                  "key": undefined,
                  "nodeType": "host",
                  "props": Object {
                    "children": Array [
                      " ",
                      "BTC",
                      " ",
                    ],
                  },
                  "ref": null,
                  "rendered": Array [
                    " ",
                    "BTC",
                    " ",
                  ],
                  "type": "td",
                },
                Object {
                  "instance": null,
                  "key": undefined,
                  "nodeType": "host",
                  "props": Object {
                    "children": Array [
                      " ",
                      126110300068.1315,
                      " ",
                    ],
                  },
                  "ref": null,
                  "rendered": Array [
                    " ",
                    126110300068.1315,
                    " ",
                  ],
                  "type": "td",
                },
                Object {
                  "instance": null,
                  "key": undefined,
                  "nodeType": "host",
                  "props": Object {
                    "children": Array [
                      " ",
                      undefined,
                      " ",
                    ],
                  },
                  "ref": null,
                  "rendered": Array [
                    " ",
                    undefined,
                    " ",
                  ],
                  "type": "td",
                },
              ],
              "type": "tr",
            },
            Object {
              "instance": null,
              "key": "ETH",
              "nodeType": "host",
              "props": Object {
                "children": Array [
                  <td>
                     
                    ETH
                     
</td>,
                  <td>
                     
                    38207824855.0488
                     
</td>,
                  <td>
                     
                     
</td>,
                ],
              },
              "ref": null,
              "rendered": Array [
                Object {
                  "instance": null,
                  "key": undefined,
                  "nodeType": "host",
                  "props": Object {
                    "children": Array [
                      " ",
                      "ETH",
                      " ",
                    ],
                  },
                  "ref": null,
                  "rendered": Array [
                    " ",
                    "ETH",
                    " ",
                  ],
                  "type": "td",
                },
                Object {
                  "instance": null,
                  "key": undefined,
                  "nodeType": "host",
                  "props": Object {
                    "children": Array [
                      " ",
                      38207824855.0488,
                      " ",
                    ],
                  },
                  "ref": null,
                  "rendered": Array [
                    " ",
                    38207824855.0488,
                    " ",
                  ],
                  "type": "td",
                },
                Object {
                  "instance": null,
                  "key": undefined,
                  "nodeType": "host",
                  "props": Object {
                    "children": Array [
                      " ",
                      undefined,
                      " ",
                    ],
                  },
                  "ref": null,
                  "rendered": Array [
                    " ",
                    undefined,
                    " ",
                  ],
                  "type": "td",
                },
              ],
              "type": "tr",
            },
            Object {
              "instance": null,
              "key": "XRP",
              "nodeType": "host",
              "props": Object {
                "children": Array [
                  <td>
                     
                    XRP
                     
</td>,
                  <td>
                     
                    19161006447.74476
                     
</td>,
                  <td>
                     
                     
</td>,
                ],
              },
              "ref": null,
              "rendered": Array [
                Object {
                  "instance": null,
                  "key": undefined,
                  "nodeType": "host",
                  "props": Object {
                    "children": Array [
                      " ",
                      "XRP",
                      " ",
                    ],
                  },
                  "ref": null,
                  "rendered": Array [
                    " ",
                    "XRP",
                    " ",
                  ],
                  "type": "td",
                },
                Object {
                  "instance": null,
                  "key": undefined,
                  "nodeType": "host",
                  "props": Object {
                    "children": Array [
                      " ",
                      19161006447.74476,
                      " ",
                    ],
                  },
                  "ref": null,
                  "rendered": Array [
                    " ",
                    19161006447.74476,
                    " ",
                  ],
                  "type": "td",
                },
                Object {
                  "instance": null,
                  "key": undefined,
                  "nodeType": "host",
                  "props": Object {
                    "children": Array [
                      " ",
                      undefined,
                      " ",
                    ],
                  },
                  "ref": null,
                  "rendered": Array [
                    " ",
                    undefined,
                    " ",
                  ],
                  "type": "td",
                },
              ],
              "type": "tr",
            },
          ],
          "type": "tbody",
        },
        "type": "table",
      },
      "type": "div",
    },
  ],
  Symbol(enzyme.__options__): Object {
    "adapter": ReactSixteenAdapter {
      "options": Object {
        "enableComponentDidUpdateOnSetState": true,
      },
    },
  },
}
`;
